AutoDock Vina v1.2.7
#################################################################
# If you used AutoDock Vina in your work, please cite:          #
#                                                               #
# J. Eberhardt, D. Santos-Martins, A. F. Tillack, and S. Forli  #
# AutoDock Vina 1.2.0: New Docking Methods, Expanded Force      #
# Field, and Python Bindings, J. Chem. Inf. Model. (2021)       #
# DOI 10.1021/acs.jcim.1c00203                                  #
#                                                               #
# O. Trott, A. J. Olson,                                        #
# AutoDock Vina: improving the speed and accuracy of docking    #
# with a new scoring function, efficient optimization and       #
# multithreading, J. Comp. Chem. (2010)                         #
# DOI 10.1002/jcc.21334                                         #
#                                                               #
# Please see https://github.com/ccsb-scripps/AutoDock-Vina for  #
# more information.                                             #
#################################################################

Scoring function : vina
Rigid receptor: C:\Users\kunsh_ghp5duq\OneDrive\Desktop\SIH\3\ml2177c_receptor.pdbqt
Ligand: C:\Users\kunsh_ghp5duq\OneDrive\Desktop\SIH\3\ligands\capmatinib.pdbqt
Grid center: X -8.896 Y 0.493 Z 4.775
Grid size  : X 20 Y 20 Z 20
Grid space : 0.375
Exhaustiveness: 32
CPU: 0
Verbosity: 1

Computing Vina grid ... done.
Performing docking (random seed: 769228627) ... 
0%   10   20   30   40   50   60   70   80   90   100%
|----|----|----|----|----|----|----|----|----|----|
***************************************************

mode |   affinity | dist from best mode
     | (kcal/mol) | rmsd l.b.| rmsd u.b.
-----+------------+----------+----------
   1       -9.668          0          0
   2       -9.271      4.713      7.895
   3       -9.183      2.896      3.939
   4       -9.142      1.127       1.86
   5       -9.004      4.626      7.987
   6        -8.87      4.247      7.217
   7       -8.162      3.552       7.51
   8       -8.131      6.677       9.03
   9       -8.009       3.99        7.8
