AutoDock Vina v1.2.7
#################################################################
# If you used AutoDock Vina in your work, please cite:          #
#                                                               #
# J. Eberhardt, D. Santos-Martins, A. F. Tillack, and S. Forli  #
# AutoDock Vina 1.2.0: New Docking Methods, Expanded Force      #
# Field, and Python Bindings, J. Chem. Inf. Model. (2021)       #
# DOI 10.1021/acs.jcim.1c00203                                  #
#                                                               #
# O. Trott, A. J. Olson,                                        #
# AutoDock Vina: improving the speed and accuracy of docking    #
# with a new scoring function, efficient optimization and       #
# multithreading, J. Comp. Chem. (2010)                         #
# DOI 10.1002/jcc.21334                                         #
#                                                               #
# Please see https://github.com/ccsb-scripps/AutoDock-Vina for  #
# more information.                                             #
#################################################################

Scoring function : vina
Rigid receptor: C:\Users\kunsh_ghp5duq\OneDrive\Desktop\SIH\3\ml2177c_receptor.pdbqt
Ligand: C:\Users\kunsh_ghp5duq\OneDrive\Desktop\SIH\3\ligands\cefradine.pdbqt
Grid center: X -8.896 Y 0.493 Z 4.775
Grid size  : X 20 Y 20 Z 20
Grid space : 0.375
Exhaustiveness: 32
CPU: 0
Verbosity: 1

Computing Vina grid ... done.
Performing docking (random seed: -958464705) ... 
0%   10   20   30   40   50   60   70   80   90   100%
|----|----|----|----|----|----|----|----|----|----|
***************************************************

mode |   affinity | dist from best mode
     | (kcal/mol) | rmsd l.b.| rmsd u.b.
-----+------------+----------+----------
   1       -9.043          0          0
   2       -8.378      1.299      1.634
   3        -8.09       1.81      7.071
   4       -7.538      3.947      7.303
   5       -7.299      3.474      5.039
   6       -6.908      5.286      7.451
   7       -6.907       2.85      3.777
   8       -6.862      4.634      7.181
   9       -6.797      4.134      5.524
