AutoDock Vina v1.2.7
#################################################################
# If you used AutoDock Vina in your work, please cite:          #
#                                                               #
# J. Eberhardt, D. Santos-Martins, A. F. Tillack, and S. Forli  #
# AutoDock Vina 1.2.0: New Docking Methods, Expanded Force      #
# Field, and Python Bindings, J. Chem. Inf. Model. (2021)       #
# DOI 10.1021/acs.jcim.1c00203                                  #
#                                                               #
# O. Trott, A. J. Olson,                                        #
# AutoDock Vina: improving the speed and accuracy of docking    #
# with a new scoring function, efficient optimization and       #
# multithreading, J. Comp. Chem. (2010)                         #
# DOI 10.1002/jcc.21334                                         #
#                                                               #
# Please see https://github.com/ccsb-scripps/AutoDock-Vina for  #
# more information.                                             #
#################################################################

Scoring function : vina
Rigid receptor: C:\Users\kunsh_ghp5duq\OneDrive\Desktop\SIH\3\ml2177c_receptor.pdbqt
Ligand: C:\Users\kunsh_ghp5duq\OneDrive\Desktop\SIH\3\ligands\flavoxate.pdbqt
Grid center: X -8.896 Y 0.493 Z 4.775
Grid size  : X 20 Y 20 Z 20
Grid space : 0.375
Exhaustiveness: 32
CPU: 0
Verbosity: 1

Computing Vina grid ... done.
Performing docking (random seed: -54838837) ... 
0%   10   20   30   40   50   60   70   80   90   100%
|----|----|----|----|----|----|----|----|----|----|
***************************************************

mode |   affinity | dist from best mode
     | (kcal/mol) | rmsd l.b.| rmsd u.b.
-----+------------+----------+----------
   1       -9.053          0          0
   2       -8.849      2.992       4.68
   3       -8.708      1.896      2.589
   4       -8.297        2.7      3.491
   5       -7.998      3.016      6.205
   6       -7.902      1.364      2.058
   7        -7.79      3.114      7.684
   8        -7.71      3.831      7.102
   9        -7.71      3.025      6.058
