AutoDock Vina v1.2.7
#################################################################
# If you used AutoDock Vina in your work, please cite:          #
#                                                               #
# J. Eberhardt, D. Santos-Martins, A. F. Tillack, and S. Forli  #
# AutoDock Vina 1.2.0: New Docking Methods, Expanded Force      #
# Field, and Python Bindings, J. Chem. Inf. Model. (2021)       #
# DOI 10.1021/acs.jcim.1c00203                                  #
#                                                               #
# O. Trott, A. J. Olson,                                        #
# AutoDock Vina: improving the speed and accuracy of docking    #
# with a new scoring function, efficient optimization and       #
# multithreading, J. Comp. Chem. (2010)                         #
# DOI 10.1002/jcc.21334                                         #
#                                                               #
# Please see https://github.com/ccsb-scripps/AutoDock-Vina for  #
# more information.                                             #
#################################################################

Scoring function : vina
Rigid receptor: C:\Users\kunsh_ghp5duq\OneDrive\Desktop\SIH\3\ml2177c_receptor.pdbqt
Ligand: C:\Users\kunsh_ghp5duq\OneDrive\Desktop\SIH\3\ligands\loracarbef.pdbqt
Grid center: X -8.896 Y 0.493 Z 4.775
Grid size  : X 20 Y 20 Z 20
Grid space : 0.375
Exhaustiveness: 32
CPU: 0
Verbosity: 1

Computing Vina grid ... done.
Performing docking (random seed: 845998035) ... 
0%   10   20   30   40   50   60   70   80   90   100%
|----|----|----|----|----|----|----|----|----|----|
***************************************************

mode |   affinity | dist from best mode
     | (kcal/mol) | rmsd l.b.| rmsd u.b.
-----+------------+----------+----------
   1       -9.035          0          0
   2        -8.41      2.861      7.164
   3       -8.407      1.338      1.642
   4       -8.289      1.639      2.062
   5       -7.529      4.349      7.379
   6       -7.393      4.506      6.766
   7       -7.261      3.425      4.903
   8       -7.223      4.847      6.174
   9       -7.159      4.856      7.236
